Chargement du modele multimodal: /Volumes/Lexar/models/mlx-community/gemma-4-e2b-it-bf16
Modele multimodal charge. GPU: 9735 Mo
Famille detectee: e2b (35 couches)
Chargement des donnees multimodales depuis /Volumes/Lexar/datasets/LaTeX_OCR/tb3...
Train: 500 samples, Valid: 50 samples
Pre-traitement des media...
  Preprocessing 1/500...
  Preprocessing 100/500...
  Preprocessing 200/500...
  Preprocessing 300/500...
  Preprocessing 400/500...
  Preprocessing 500/500...
  Preprocessing 1/50...

--- Debut du training multimodal ---
Mode: lora + response masking, Rank: 16, Scale: 20.0, LR: 5e-05
Batch: 1 (multimodal), Iterations: 100
Couches: 16
Sortie: /Volumes/Lexar/models/local/adapters/k30e-cache2
---

Base en bf16, parametres LoRA en fp32
Parametres trainables: 13631488 / 5117929955 (0.27%)
Train multimodal: 500 samples (0 audio, 500 image)
Iteration 1: validation loss 1,477683, validation time 19,291551s
Iteration 10: training loss 1,182083, iterations/sec 1,359033, Tokens/sec 111,032997
Iteration 20: training loss 0,739655, iterations/sec 1,140682, Tokens/sec 87,148107
Iteration 30: training loss 0,652829, iterations/sec 1,229458, Tokens/sec 82,988399
Iteration 40: training loss 0,725086, iterations/sec 1,310285, Tokens/sec 64,990122
Iteration 50: training loss 0,698046, iterations/sec 1,161677, Tokens/sec 96,419199
Iteration 50: saved weights to /Volumes/Lexar/models/local/adapters/k30e-cache2/adapters.safetensors
Iteration 60: training loss 0,434469, iterations/sec 1,250644, Tokens/sec 70,786429
Iteration 70: training loss 0,662265, iterations/sec 1,234082, Tokens/sec 62,19775
Iteration 80: training loss 0,603418, iterations/sec 1,17262, Tokens/sec 91,112572
Iteration 90: training loss 0,463491, iterations/sec 1,176343, Tokens/sec 82,226395
Iteration 100: training loss 0,580862, iterations/sec 1,153617, Tokens/sec 72,33178
Iteration 100: validation loss 0,584809, validation time 22,932664s
Iteration 100: saved weights to /Volumes/Lexar/models/local/adapters/k30e-cache2/adapters.safetensors
Adapter multimodal sauvegarde dans /Volumes/Lexar/models/local/adapters/k30e-cache2/

Training multimodal termine.
GPU pic: 14745 Mo
