Chargement du modele: /Volumes/Lexar/models/mlx-community/gemma-4-e2b-it-bf16
Modele charge. GPU: 8828 Mo
Famille detectee: e2b (35 couches)
Chargement des donnees depuis /Users/vincent/Developpements/Fluxforge Studio/Scripts/director/dataset...
Train: 899 samples, Valid: 101 samples

--- Debut du training ---
Mode: lora + response masking, Rank: 8, Scale: 20.0, LR: 0.0001
Batch: 1, Iterations: 898
Couches: 16
Sortie: /Volumes/Lexar/models/local/adapters/director-k29
---

Troncature a 2048 jetons : 531 exemple(s) d'entrainement, 66 de validation
Parametres trainables: 6815744 / 4635385123 (0.15%)
Train: 899 samples (avg response: 430 tokens)
Iteration 1: validation loss 1,922894, validation time 183,836667s
Iteration 10: training loss 1,628029, iterations/sec 0,234483, Tokens/sec 123,689852
Iteration 20: training loss 1,455585, iterations/sec 0,195071, Tokens/sec 90,025253
Iteration 30: training loss 1,343034, iterations/sec 0,136477, Tokens/sec 52,188694
Iteration 40: training loss 1,261573, iterations/sec 0,148382, Tokens/sec 72,484393
Iteration 50: training loss 1,216833, iterations/sec 0,189929, Tokens/sec 80,852648
Iteration 50: validation loss 1,301532, validation time 202,346313s
Iteration 50: saved weights to /Volumes/Lexar/models/local/adapters/director-k29/adapters.safetensors
Iteration 60: training loss 1,298615, iterations/sec 0,210927, Tokens/sec 87,534743
Iteration 70: training loss 1,261893, iterations/sec 0,203011, Tokens/sec 101,404049
Iteration 80: training loss 1,153256, iterations/sec 0,226116, Tokens/sec 52,707543
Iteration 90: training loss 1,216124, iterations/sec 0,204864, Tokens/sec 111,73262
Iteration 100: training loss 1,185094, iterations/sec 0,217567, Tokens/sec 92,161333
Iteration 100: validation loss 1,216858, validation time 216,736046s
Iteration 100: saved weights to /Volumes/Lexar/models/local/adapters/director-k29/adapters.safetensors
Iteration 110: training loss 1,094296, iterations/sec 0,171892, Tokens/sec 87,905717
Iteration 120: training loss 1,123872, iterations/sec 0,180016, Tokens/sec 45,68802
Iteration 130: training loss 1,08551, iterations/sec 0,196449, Tokens/sec 77,499168
Iteration 140: training loss 1,081846, iterations/sec 0,207769, Tokens/sec 83,502268
Iteration 150: training loss 1,208265, iterations/sec 0,205855, Tokens/sec 108,15643
Iteration 150: validation loss 1,196665, validation time 208,10656s
Iteration 150: saved weights to /Volumes/Lexar/models/local/adapters/director-k29/adapters.safetensors
Iteration 160: training loss 1,107802, iterations/sec 0,167849, Tokens/sec 59,049232
Iteration 170: training loss 1,063292, iterations/sec 0,16546, Tokens/sec 58,407514
Iteration 180: training loss 1,068149, iterations/sec 0,172778, Tokens/sec 79,685102
Iteration 190: training loss 1,164772, iterations/sec 0,197469, Tokens/sec 82,285334
Iteration 200: training loss 1,186967, iterations/sec 0,206536, Tokens/sec 109,835954
Iteration 200: validation loss 1,152789, validation time 210,754086s
Iteration 200: saved weights to /Volumes/Lexar/models/local/adapters/director-k29/adapters.safetensors
Iteration 210: training loss 1,093613, iterations/sec 0,171165, Tokens/sec 89,091417
Iteration 220: training loss 1,239241, iterations/sec 0,177691, Tokens/sec 54,337968
Iteration 230: training loss 1,133661, iterations/sec 0,190027, Tokens/sec 90,281639
Iteration 240: training loss 1,128942, iterations/sec 0,20074, Tokens/sec 82,825169
Iteration 250: training loss 0,979965, iterations/sec 0,21603, Tokens/sec 79,196682
Iteration 250: validation loss 1,148614, validation time 208,69328s
Iteration 250: saved weights to /Volumes/Lexar/models/local/adapters/director-k29/adapters.safetensors
Iteration 260: training loss 1,073137, iterations/sec 0,1491, Tokens/sec 64,485841
Iteration 270: training loss 1,059899, iterations/sec 0,156793, Tokens/sec 54,109137
Iteration 280: training loss 1,067261, iterations/sec 0,181439, Tokens/sec 66,715244
Iteration 290: training loss 1,171501, iterations/sec 0,186681, Tokens/sec 89,662773
Iteration 300: training loss 1,093055, iterations/sec 0,198686, Tokens/sec 93,541167
Iteration 300: validation loss 1,126777, validation time 210,048118s
Iteration 300: saved weights to /Volumes/Lexar/models/local/adapters/director-k29/adapters.safetensors
Iteration 310: training loss 1,111627, iterations/sec 0,158191, Tokens/sec 83,461529
Iteration 320: training loss 1,108854, iterations/sec 0,150137, Tokens/sec 72,245738
Iteration 330: training loss 1,023325, iterations/sec 0,172338, Tokens/sec 56,440557
Iteration 340: training loss 1,021583, iterations/sec 0,18511, Tokens/sec 89,77822
Iteration 350: training loss 0,988488, iterations/sec 0,207802, Tokens/sec 79,89974
Iteration 350: validation loss 1,109724, validation time 199,833213s
Iteration 350: saved weights to /Volumes/Lexar/models/local/adapters/director-k29/adapters.safetensors
Iteration 360: training loss 0,994171, iterations/sec 0,194527, Tokens/sec 81,487463
Iteration 370: training loss 0,972606, iterations/sec 0,192978, Tokens/sec 79,275329
Iteration 380: training loss 1,118845, iterations/sec 0,193099, Tokens/sec 106,629412
Iteration 390: training loss 1,11742, iterations/sec 0,210976, Tokens/sec 96,563579
Iteration 400: training loss 1,056753, iterations/sec 0,214941, Tokens/sec 90,769715
Iteration 400: validation loss 1,096243, validation time 203,667543s
Iteration 400: saved weights to /Volumes/Lexar/models/local/adapters/director-k29/adapters.safetensors
Iteration 410: training loss 1,089243, iterations/sec 0,201284, Tokens/sec 92,550247
Iteration 420: training loss 1,158487, iterations/sec 0,198653, Tokens/sec 103,299434
Iteration 430: training loss 0,945581, iterations/sec 0,190366, Tokens/sec 67,979832
Iteration 440: training loss 1,133917, iterations/sec 0,206569, Tokens/sec 95,579378
Iteration 450: training loss 1,080878, iterations/sec 0,21594, Tokens/sec 71,929561
Iteration 450: validation loss 1,084428, validation time 205,417324s
Iteration 450: saved weights to /Volumes/Lexar/models/local/adapters/director-k29/adapters.safetensors
Iteration 460: training loss 1,105083, iterations/sec 0,197773, Tokens/sec 93,210242
Iteration 470: training loss 1,000905, iterations/sec 0,194781, Tokens/sec 89,930515
Iteration 480: training loss 1,064611, iterations/sec 0,200226, Tokens/sec 88,660001
Iteration 490: training loss 1,02502, iterations/sec 0,211599, Tokens/sec 86,62845
Iteration 500: training loss 1,015063, iterations/sec 0,216221, Tokens/sec 112,802427
Iteration 500: validation loss 1,066562, validation time 210,74631s
Iteration 500: saved weights to /Volumes/Lexar/models/local/adapters/director-k29/adapters.safetensors
Iteration 510: training loss 1,077565, iterations/sec 0,181317, Tokens/sec 95,300209
Iteration 520: training loss 0,969775, iterations/sec 0,184459, Tokens/sec 52,1098
Iteration 530: training loss 1,074784, iterations/sec 0,206265, Tokens/sec 85,022355
Iteration 540: training loss 1,049551, iterations/sec 0,212495, Tokens/sec 72,843315
Iteration 550: training loss 1,05802, iterations/sec 0,222965, Tokens/sec 85,908571
Iteration 550: validation loss 1,064476, validation time 208,922943s
Iteration 550: saved weights to /Volumes/Lexar/models/local/adapters/director-k29/adapters.safetensors
Iteration 560: training loss 0,910952, iterations/sec 0,189027, Tokens/sec 74,854625
Iteration 570: training loss 1,080061, iterations/sec 0,175913, Tokens/sec 87,938915
Iteration 580: training loss 1,033755, iterations/sec 0,182899, Tokens/sec 91,723833
Iteration 590: training loss 1,04469, iterations/sec 0,206769, Tokens/sec 92,074067
Iteration 600: training loss 1,056437, iterations/sec 0,219127, Tokens/sec 82,413827
Iteration 600: validation loss 1,058921, validation time 205,612878s
Iteration 600: saved weights to /Volumes/Lexar/models/local/adapters/director-k29/adapters.safetensors
Iteration 610: training loss 0,938875, iterations/sec 0,196128, Tokens/sec 75,783959
Iteration 620: training loss 0,93272, iterations/sec 0,186034, Tokens/sec 87,919891
Iteration 630: training loss 1,039862, iterations/sec 0,18154, Tokens/sec 78,189073
Iteration 640: training loss 0,905675, iterations/sec 0,198782, Tokens/sec 68,50028
Iteration 650: training loss 0,999286, iterations/sec 0,20589, Tokens/sec 105,909676
Iteration 650: validation loss 1,055333, validation time 224,374349s
Iteration 650: saved weights to /Volumes/Lexar/models/local/adapters/director-k29/adapters.safetensors
Iteration 660: training loss 1,013164, iterations/sec 0,16493, Tokens/sec 50,616949
Iteration 670: training loss 1,072915, iterations/sec 0,176203, Tokens/sec 100,664626
Iteration 680: training loss 1,111097, iterations/sec 0,192426, Tokens/sec 87,996373
Iteration 690: training loss 1,096493, iterations/sec 0,206442, Tokens/sec 95,603309
Iteration 700: training loss 0,96761, iterations/sec 0,21554, Tokens/sec 93,889436
Iteration 700: validation loss 1,046062, validation time 202,347694s
Iteration 700: saved weights to /Volumes/Lexar/models/local/adapters/director-k29/adapters.safetensors
Iteration 710: training loss 1,083705, iterations/sec 0,178046, Tokens/sec 90,625523
Iteration 720: training loss 0,938204, iterations/sec 0,174459, Tokens/sec 58,531148
Iteration 730: training loss 0,939809, iterations/sec 0,188309, Tokens/sec 67,960849
Iteration 740: training loss 1,045075, iterations/sec 0,196857, Tokens/sec 115,082442
Iteration 750: training loss 1,037799, iterations/sec 0,212609, Tokens/sec 117,742675
Iteration 750: validation loss 1,034533, validation time 205,526058s
Iteration 750: saved weights to /Volumes/Lexar/models/local/adapters/director-k29/adapters.safetensors
Iteration 760: training loss 1,079992, iterations/sec 0,192293, Tokens/sec 69,513957
Iteration 770: training loss 0,977823, iterations/sec 0,186358, Tokens/sec 84,121897
Iteration 780: training loss 0,901493, iterations/sec 0,193886, Tokens/sec 76,701358
Iteration 790: training loss 1,058404, iterations/sec 0,206657, Tokens/sec 77,578985
Iteration 800: training loss 0,969092, iterations/sec 0,207131, Tokens/sec 78,564677
Iteration 800: validation loss 1,03792, validation time 207,701575s
Iteration 800: saved weights to /Volumes/Lexar/models/local/adapters/director-k29/adapters.safetensors
Iteration 810: training loss 1,032996, iterations/sec 0,182157, Tokens/sec 77,343841
Iteration 820: training loss 0,86379, iterations/sec 0,188655, Tokens/sec 66,123492
Iteration 830: training loss 1,069213, iterations/sec 0,194404, Tokens/sec 102,52852
Iteration 840: training loss 0,963201, iterations/sec 0,198143, Tokens/sec 81,515865
Iteration 850: training loss 1,009604, iterations/sec 0,209626, Tokens/sec 86,889774
Iteration 850: validation loss 1,03483, validation time 206,533687s
Iteration 850: saved weights to /Volumes/Lexar/models/local/adapters/director-k29/adapters.safetensors
Iteration 860: training loss 0,942092, iterations/sec 0,190246, Tokens/sec 83,594263
Iteration 870: training loss 0,98973, iterations/sec 0,190368, Tokens/sec 82,733952
Iteration 880: training loss 1,012037, iterations/sec 0,191567, Tokens/sec 90,764562
Iteration 890: training loss 1,072856, iterations/sec 0,196195, Tokens/sec 78,870221
Adapter sauvegarde dans /Volumes/Lexar/models/local/adapters/director-k29/

Training termine.
GPU pic: 36347 Mo
