Chargement du modele multimodal: /Volumes/Lexar/models/mlx-community/gemma-4-e2b-it-bf16
Modele multimodal charge. GPU: 9735 Mo
Famille detectee: e2b (35 couches)
Chargement des donnees multimodales depuis /Volumes/Lexar/datasets/LaTeX_OCR/tb3...
Train: 500 samples, Valid: 50 samples
Pre-traitement des media...
  Preprocessing 1/500...
  Preprocessing 100/500...
  Preprocessing 200/500...
  Preprocessing 300/500...
  Preprocessing 400/500...
  Preprocessing 500/500...
  Preprocessing 1/50...

--- Debut du training multimodal ---
Mode: lora + response masking, Rank: 16, Scale: 20.0, LR: 5e-05
Batch: 1 (multimodal), Iterations: 500
Couches: 16
Sortie: /Volumes/Lexar/models/local/adapters/k31-full-fp32
---

Modele converti en float32 pour stabilite numerique
Parametres trainables: 13631488 / 5117929955 (0.27%)
Train multimodal: 500 samples (0 audio, 500 image)
Iteration 1: validation loss 1,471793, validation time 21,578733s
Iteration 10: training loss 1,182396, iterations/sec 1,423691, Tokens/sec 116,31554
Iteration 20: training loss 0,732936, iterations/sec 1,276258, Tokens/sec 97,506077
Iteration 30: training loss 0,650828, iterations/sec 1,380578, Tokens/sec 93,189027
Iteration 40: training loss 0,71912, iterations/sec 1,421935, Tokens/sec 70,527958
Iteration 50: training loss 0,699231, iterations/sec 1,332126, Tokens/sec 110,566479
Iteration 50: saved weights to /Volumes/Lexar/models/local/adapters/k31-full-fp32/adapters.safetensors
Iteration 60: training loss 0,446847, iterations/sec 1,42209, Tokens/sec 80,490313
Iteration 70: training loss 0,659473, iterations/sec 1,494583, Tokens/sec 75,326976
Iteration 80: training loss 0,608671, iterations/sec 1,421497, Tokens/sec 110,450337
Iteration 90: training loss 0,45886, iterations/sec 1,414768, Tokens/sec 98,892307
Iteration 100: training loss 0,584657, iterations/sec 1,474079, Tokens/sec 92,424739
Iteration 100: validation loss 0,596135, validation time 19,774136s
Iteration 100: saved weights to /Volumes/Lexar/models/local/adapters/k31-full-fp32/adapters.safetensors
Iteration 110: training loss 0,57958, iterations/sec 1,390989, Tokens/sec 127,136367
Iteration 120: training loss 0,551095, iterations/sec 1,428006, Tokens/sec 102,673641
Iteration 130: training loss 0,609689, iterations/sec 1,466641, Tokens/sec 98,99827
Iteration 140: training loss 0,385174, iterations/sec 1,422172, Tokens/sec 108,511696
Iteration 150: training loss 0,464222, iterations/sec 1,363992, Tokens/sec 75,292382
Iteration 150: saved weights to /Volumes/Lexar/models/local/adapters/k31-full-fp32/adapters.safetensors
Iteration 160: training loss 0,604234, iterations/sec 1,475518, Tokens/sec 87,350678
Iteration 170: training loss 0,621987, iterations/sec 1,427237, Tokens/sec 90,629522
Iteration 180: training loss 0,577045, iterations/sec 1,427098, Tokens/sec 100,325021
Iteration 190: training loss 0,503041, iterations/sec 1,441524, Tokens/sec 94,563944
Iteration 200: training loss 0,509678, iterations/sec 1,346666, Tokens/sec 115,409312
Iteration 200: validation loss 0,514181, validation time 21,279911s
Iteration 200: saved weights to /Volumes/Lexar/models/local/adapters/k31-full-fp32/adapters.safetensors
Iteration 210: training loss 0,442783, iterations/sec 1,341822, Tokens/sec 79,301705
Iteration 220: training loss 0,582397, iterations/sec 1,247609, Tokens/sec 81,967929
Iteration 230: training loss 0,559933, iterations/sec 1,024246, Tokens/sec 72,926319
Iteration 240: training loss 0,52586, iterations/sec 1,098878, Tokens/sec 77,251135
Iteration 250: training loss 0,361691, iterations/sec 0,956852, Tokens/sec 73,007829
Iteration 250: saved weights to /Volumes/Lexar/models/local/adapters/k31-full-fp32/adapters.safetensors
Iteration 260: training loss 0,484698, iterations/sec 0,816917, Tokens/sec 64,69983
Iteration 270: training loss 0,459046, iterations/sec 0,733347, Tokens/sec 55,587725
Iteration 280: training loss 0,524422, iterations/sec 0,630315, Tokens/sec 34,478248
Iteration 290: training loss 0,576571, iterations/sec 0,506019, Tokens/sec 40,98757
Iteration 300: training loss 0,29901, iterations/sec 0,34219, Tokens/sec 28,915062
Iteration 300: validation loss 0,466691, validation time 77,552804s
Iteration 300: saved weights to /Volumes/Lexar/models/local/adapters/k31-full-fp32/adapters.safetensors
Iteration 310: training loss 0,518716, iterations/sec 0,565429, Tokens/sec 41,954816
Iteration 320: training loss 0,330542, iterations/sec 0,512342, Tokens/sec 49,748442
Iteration 330: training loss 0,435546, iterations/sec 0,706662, Tokens/sec 56,108954
Iteration 340: training loss 0,491143, iterations/sec 0,723321, Tokens/sec 58,733689
Iteration 350: training loss 0,457051, iterations/sec 0,775542, Tokens/sec 52,81444
Iteration 350: saved weights to /Volumes/Lexar/models/local/adapters/k31-full-fp32/adapters.safetensors
Iteration 360: training loss 0,506295, iterations/sec 0,798751, Tokens/sec 48,803702
Iteration 370: training loss 0,413672, iterations/sec 0,920834, Tokens/sec 51,01423
Iteration 380: training loss 0,370533, iterations/sec 0,865063, Tokens/sec 59,775831
Iteration 390: training loss 0,446988, iterations/sec 0,971782, Tokens/sec 61,319431
Iteration 400: training loss 0,38119, iterations/sec 0,841647, Tokens/sec 84,164733
Iteration 400: validation loss 0,441804, validation time 28,365082s
Iteration 400: saved weights to /Volumes/Lexar/models/local/adapters/k31-full-fp32/adapters.safetensors
Iteration 410: training loss 0,397859, iterations/sec 1,11206, Tokens/sec 79,178694
Iteration 420: training loss 0,49304, iterations/sec 1,093618, Tokens/sec 74,80346
Iteration 430: training loss 0,366231, iterations/sec 1,145041, Tokens/sec 62,748238
Iteration 440: training loss 0,377522, iterations/sec 1,117171, Tokens/sec 74,403574
Iteration 450: training loss 0,508837, iterations/sec 1,119466, Tokens/sec 78,13874
Iteration 450: saved weights to /Volumes/Lexar/models/local/adapters/k31-full-fp32/adapters.safetensors
Iteration 460: training loss 0,379992, iterations/sec 1,104179, Tokens/sec 81,598797
Iteration 470: training loss 0,435464, iterations/sec 1,108769, Tokens/sec 88,147167
Iteration 480: training loss 0,410632, iterations/sec 1,094963, Tokens/sec 90,881927
Iteration 490: training loss 0,473744, iterations/sec 1,162346, Tokens/sec 77,063551
Iteration 500: training loss 0,423532, iterations/sec 1,190141, Tokens/sec 75,811961
Iteration 500: validation loss 0,428093, validation time 30,555985s
Iteration 500: saved weights to /Volumes/Lexar/models/local/adapters/k31-full-fp32/adapters.safetensors
Adapter multimodal sauvegarde dans /Volumes/Lexar/models/local/adapters/k31-full-fp32/

Training multimodal termine.
GPU pic: 24340 Mo
