Chargement du modele: /Volumes/Lexar/models/mlx-community/gemma-4-e2b-it-bf16
Modele charge. GPU: 8828 Mo
Famille detectee: e2b (35 couches)
Chargement des donnees depuis /Users/vincent/Developpements/Fluxforge Studio/Scripts/director/dataset...
Train: 899 samples, Valid: 101 samples

--- Debut du training ---
Mode: lora + response masking, Rank: 8, Scale: 20.0, LR: 0.0001
Batch: 1, Iterations: 898
Couches: 16
Sortie: /Volumes/Lexar/models/local/adapters/director-k30
---

Note : 597 exemple(s) de plus de 2048 jetons (max 3320), non tronques (--max-seq-length pour borner la memoire)
Parametres trainables: 6815744 / 4635385123 (0.15%)
Train: 899 samples (avg response: 748 tokens)
Iteration 1: validation loss 1,838157, validation time 208,790777s
Iteration 10: training loss 1,571987, iterations/sec 0,224803, Tokens/sec 166,039422
Iteration 20: training loss 1,321562, iterations/sec 0,068359, Tokens/sec 52,765926
Iteration 30: training loss 1,321262, iterations/sec 0,120302, Tokens/sec 98,647594
Iteration 40: training loss 1,24993, iterations/sec 0,212694, Tokens/sec 142,823993
Iteration 50: training loss 1,224458, iterations/sec 0,231462, Tokens/sec 163,69023
Iteration 50: validation loss 1,278304, validation time 243,115916s
Iteration 50: saved weights to /Volumes/Lexar/models/local/adapters/director-k30/adapters.safetensors
Iteration 60: training loss 1,311381, iterations/sec 0,14167, Tokens/sec 108,264595
Iteration 70: training loss 1,27323, iterations/sec 0,150767, Tokens/sec 109,336273
Iteration 80: training loss 1,213954, iterations/sec 0,165441, Tokens/sec 135,496044
Iteration 90: training loss 1,150082, iterations/sec 0,212973, Tokens/sec 141,222435
Iteration 100: training loss 1,177374, iterations/sec 0,234842, Tokens/sec 156,756777
Iteration 100: validation loss 1,211294, validation time 251,212815s
Iteration 100: saved weights to /Volumes/Lexar/models/local/adapters/director-k30/adapters.safetensors
Iteration 110: training loss 1,220853, iterations/sec 0,195761, Tokens/sec 137,698635
Iteration 120: training loss 1,186474, iterations/sec 0,154411, Tokens/sec 127,00278
Iteration 130: training loss 1,170873, iterations/sec 0,169723, Tokens/sec 138,612886
Iteration 140: training loss 1,166613, iterations/sec 0,175886, Tokens/sec 137,525368
Iteration 150: training loss 1,166181, iterations/sec 0,2275, Tokens/sec 153,926524
Iteration 150: validation loss 1,159297, validation time 282,876469s
Iteration 150: saved weights to /Volumes/Lexar/models/local/adapters/director-k30/adapters.safetensors
Iteration 160: training loss 1,253253, iterations/sec 0,159309, Tokens/sec 131,812241
Iteration 170: training loss 1,100656, iterations/sec 0,179963, Tokens/sec 147,893449
Iteration 180: training loss 1,11789, iterations/sec 0,219515, Tokens/sec 163,494529
Iteration 190: training loss 1,167139, iterations/sec 0,227264, Tokens/sec 165,925615
Iteration 200: training loss 1,147014, iterations/sec 0,239948, Tokens/sec 170,842875
Iteration 200: validation loss 1,136057, validation time 271,814346s
Iteration 200: saved weights to /Volumes/Lexar/models/local/adapters/director-k30/adapters.safetensors
Iteration 210: training loss 1,162763, iterations/sec 0,15764, Tokens/sec 126,22247
Iteration 220: training loss 1,113175, iterations/sec 0,165412, Tokens/sec 146,753323
Iteration 230: training loss 1,082704, iterations/sec 0,215316, Tokens/sec 144,541948
Iteration 240: training loss 1,192387, iterations/sec 0,204646, Tokens/sec 157,209096
Iteration 250: training loss 1,067104, iterations/sec 0,223308, Tokens/sec 162,76918
Iteration 250: validation loss 1,114255, validation time 262,344488s
Iteration 250: saved weights to /Volumes/Lexar/models/local/adapters/director-k30/adapters.safetensors
Iteration 260: training loss 1,087995, iterations/sec 0,163742, Tokens/sec 111,671969
Iteration 270: training loss 1,154894, iterations/sec 0,182154, Tokens/sec 131,004909
Iteration 280: training loss 1,055215, iterations/sec 0,212883, Tokens/sec 148,592038
Iteration 290: training loss 1,105834, iterations/sec 0,19449, Tokens/sec 154,755387
Iteration 300: training loss 1,105097, iterations/sec 0,224782, Tokens/sec 165,417074
Iteration 300: validation loss 1,102688, validation time 261,313225s
Iteration 300: saved weights to /Volumes/Lexar/models/local/adapters/director-k30/adapters.safetensors
Iteration 310: training loss 1,040267, iterations/sec 0,190348, Tokens/sec 128,199147
Iteration 320: training loss 1,064028, iterations/sec 0,19296, Tokens/sec 140,609633
Iteration 330: training loss 1,107273, iterations/sec 0,200319, Tokens/sec 140,463976
Iteration 340: training loss 1,023107, iterations/sec 0,235189, Tokens/sec 146,875625
Iteration 350: training loss 1,122708, iterations/sec 0,213233, Tokens/sec 166,23631
Iteration 350: validation loss 1,093031, validation time 267,549988s
Iteration 350: saved weights to /Volumes/Lexar/models/local/adapters/director-k30/adapters.safetensors
Iteration 360: training loss 1,079419, iterations/sec 0,169503, Tokens/sec 127,228686
Iteration 370: training loss 0,963705, iterations/sec 0,189978, Tokens/sec 140,583372
Iteration 380: training loss 1,078198, iterations/sec 0,234147, Tokens/sec 149,385727
Iteration 390: training loss 1,09704, iterations/sec 0,208918, Tokens/sec 157,022581
Iteration 400: training loss 1,140086, iterations/sec 0,20885, Tokens/sec 171,131313
Iteration 400: validation loss 1,088317, validation time 270,428716s
Iteration 400: saved weights to /Volumes/Lexar/models/local/adapters/director-k30/adapters.safetensors
Iteration 410: training loss 1,117396, iterations/sec 0,164566, Tokens/sec 133,561889
Iteration 420: training loss 1,117218, iterations/sec 0,190748, Tokens/sec 135,698024
Iteration 430: training loss 1,039517, iterations/sec 0,192946, Tokens/sec 153,025321
Iteration 440: training loss 1,008776, iterations/sec 0,215326, Tokens/sec 154,603902
Iteration 450: training loss 1,048042, iterations/sec 0,209048, Tokens/sec 169,203072
Iteration 450: validation loss 1,07353, validation time 273,532532s
Iteration 450: saved weights to /Volumes/Lexar/models/local/adapters/director-k30/adapters.safetensors
Iteration 460: training loss 1,073233, iterations/sec 0,164853, Tokens/sec 123,969399
Iteration 470: training loss 1,031488, iterations/sec 0,18376, Tokens/sec 139,014348
Iteration 480: training loss 1,046451, iterations/sec 0,196628, Tokens/sec 147,785287
Iteration 490: training loss 1,078441, iterations/sec 0,190837, Tokens/sec 160,073779
Iteration 500: training loss 1,021315, iterations/sec 0,21119, Tokens/sec 159,004696
Iteration 500: validation loss 1,070498, validation time 291,712031s
Iteration 500: saved weights to /Volumes/Lexar/models/local/adapters/director-k30/adapters.safetensors
Iteration 510: training loss 1,047003, iterations/sec 0,177762, Tokens/sec 137,285811
Iteration 520: training loss 1,051988, iterations/sec 0,182047, Tokens/sec 140,322082
Iteration 530: training loss 0,967163, iterations/sec 0,23431, Tokens/sec 152,981163
Iteration 540: training loss 1,05348, iterations/sec 0,209341, Tokens/sec 166,928909
Iteration 550: training loss 1,069104, iterations/sec 0,217999, Tokens/sec 166,006029
Iteration 550: validation loss 1,063456, validation time 274,212165s
Iteration 550: saved weights to /Volumes/Lexar/models/local/adapters/director-k30/adapters.safetensors
Iteration 560: training loss 0,985852, iterations/sec 0,177078, Tokens/sec 123,033975
Iteration 570: training loss 1,163662, iterations/sec 0,187482, Tokens/sec 142,654692
Iteration 580: training loss 1,039129, iterations/sec 0,190806, Tokens/sec 151,194681
Iteration 590: training loss 1,089259, iterations/sec 0,209167, Tokens/sec 158,736962
Iteration 600: training loss 1,030554, iterations/sec 0,201003, Tokens/sec 169,224423
Iteration 600: validation loss 1,055007, validation time 264,690887s
Iteration 600: saved weights to /Volumes/Lexar/models/local/adapters/director-k30/adapters.safetensors
Iteration 610: training loss 1,067009, iterations/sec 0,168642, Tokens/sec 126,481697
Iteration 620: training loss 1,06933, iterations/sec 0,180784, Tokens/sec 138,878315
Iteration 630: training loss 1,03615, iterations/sec 0,195032, Tokens/sec 133,674644
Iteration 640: training loss 1,044935, iterations/sec 0,202145, Tokens/sec 160,422662
Iteration 650: training loss 1,001784, iterations/sec 0,245708, Tokens/sec 168,235931
Iteration 650: validation loss 1,054743, validation time 268,439636s
Iteration 650: saved weights to /Volumes/Lexar/models/local/adapters/director-k30/adapters.safetensors
Iteration 660: training loss 1,05153, iterations/sec 0,163119, Tokens/sec 121,328183
Iteration 670: training loss 0,983515, iterations/sec 0,202888, Tokens/sec 139,769813
Iteration 680: training loss 1,049297, iterations/sec 0,212086, Tokens/sec 143,221463
Iteration 690: training loss 1,031082, iterations/sec 0,198483, Tokens/sec 156,18624
Iteration 700: training loss 0,99089, iterations/sec 0,230712, Tokens/sec 158,337414
Iteration 700: validation loss 1,048627, validation time 268,938914s
Iteration 700: saved weights to /Volumes/Lexar/models/local/adapters/director-k30/adapters.safetensors
Iteration 710: training loss 1,044113, iterations/sec 0,160386, Tokens/sec 125,791026
Iteration 720: training loss 1,005979, iterations/sec 0,160858, Tokens/sec 137,372821
Iteration 730: training loss 1,027615, iterations/sec 0,177409, Tokens/sec 150,691601
Iteration 740: training loss 0,989688, iterations/sec 0,226354, Tokens/sec 163,9479
Iteration 750: training loss 1,012078, iterations/sec 0,254384, Tokens/sec 166,214356
Iteration 750: validation loss 1,042454, validation time 271,474727s
Iteration 750: saved weights to /Volumes/Lexar/models/local/adapters/director-k30/adapters.safetensors
Iteration 760: training loss 1,000089, iterations/sec 0,164518, Tokens/sec 123,405038
Iteration 770: training loss 1,008929, iterations/sec 0,19117, Tokens/sec 139,725934
Iteration 780: training loss 1,060987, iterations/sec 0,216447, Tokens/sec 146,188423
Iteration 790: training loss 1,040623, iterations/sec 0,217823, Tokens/sec 158,226539
Iteration 800: training loss 1,050296, iterations/sec 0,209092, Tokens/sec 152,720786
Iteration 800: validation loss 1,040664, validation time 273,079429s
Iteration 800: saved weights to /Volumes/Lexar/models/local/adapters/director-k30/adapters.safetensors
Iteration 810: training loss 1,059397, iterations/sec 0,164389, Tokens/sec 121,105476
Iteration 820: training loss 1,048994, iterations/sec 0,179609, Tokens/sec 137,652205
Iteration 830: training loss 1,022802, iterations/sec 0,207989, Tokens/sec 154,057496
Iteration 840: training loss 1,05194, iterations/sec 0,204951, Tokens/sec 155,086744
Iteration 850: training loss 1,024525, iterations/sec 0,18886, Tokens/sec 157,943578
Iteration 850: validation loss 1,03385, validation time 287,749044s
Iteration 850: saved weights to /Volumes/Lexar/models/local/adapters/director-k30/adapters.safetensors
Iteration 860: training loss 1,071109, iterations/sec 0,178216, Tokens/sec 145,549131
Iteration 870: training loss 1,003146, iterations/sec 0,227653, Tokens/sec 159,972008
Iteration 880: training loss 0,914598, iterations/sec 0,221333, Tokens/sec 164,494882
Iteration 890: training loss 1,109655, iterations/sec 0,225952, Tokens/sec 162,956897
Adapter sauvegarde dans /Volumes/Lexar/models/local/adapters/director-k30/

Training termine.
GPU pic: 45024 Mo
