Chargement du modele: /Volumes/Lexar/models/mlx-community/gemma-4-31b-it-4bit
Modele charge. GPU: 16471 Mo
Famille detectee: dense31b (60 couches)
Chargement des donnees depuis /Users/vincent/Developpements/Fluxforge Studio/Scripts/director/dataset...
Train: 899 samples, Valid: 101 samples
Profil b31b/lora-4bit-lean (NON MESURE) : Econome : gradient checkpointing par couche, cache MLX 1 Go. QLoRA sur pack 4 bits.
  rang, echelle, couches, lr, batch, checkpointing, cache MLX et lots de validation fixes par le profil.

--- Debut du training ---
Mode: lora + response masking, Rank: 8, Scale: 20.0, LR: 0.0001
Batch: 1, Iterations: 50
Couches: 16
Sortie: /Volumes/Lexar/tmp/k33-adapters/b31b-lora-4bit-lean
---

Note : 608 exemple(s) de plus de 2048 jetons (max 3327), non tronques (--max-seq-length pour borner la memoire)
Parametres trainables: 16336896 / 4813920572 (0.34%)
Train: 899 samples (avg response: 4 tokens)
Iteration 1: validation loss 0, validation time 643,224804s
Iteration 10: training loss 1,482722, iterations/sec 0,022319, Tokens/sec 0,089276
Iteration 20: training loss 2,53189, iterations/sec 0,017662, Tokens/sec 0,070649
Iteration 30: training loss 1,369787, iterations/sec 0,017306, Tokens/sec 0,069224
Iteration 40: training loss 0,846843, iterations/sec 0,021583, Tokens/sec 0,086334
Iteration 50: training loss 1,2793, iterations/sec 0,020182, Tokens/sec 0,080728
Iteration 50: validation loss 1,169951, validation time 600,479164s
Iteration 50: saved weights to /Volumes/Lexar/tmp/k33-adapters/b31b-lora-4bit-lean/adapters.safetensors
Adapter sauvegarde dans /Volumes/Lexar/tmp/k33-adapters/b31b-lora-4bit-lean

Training termine.
GPU pic: 41348 Mo
