Chargement du modele: /Volumes/Lexar/models/mlx-community/gemma-4-31b-it-8bit
Modele charge. GPU: 31108 Mo
Famille detectee: dense31b (60 couches)
Chargement des donnees depuis /Users/vincent/Developpements/Fluxforge Studio/Scripts/director/dataset...
Train: 899 samples, Valid: 101 samples
Profil b31b/lora-8bit-fast (NON MESURE) : Rapide : cache MLX 2 Go ; checkpointing garde (activations trop grosses sans). QLoRA sur pack 8 bits.
  rang, echelle, couches, lr, batch, checkpointing, cache MLX et lots de validation fixes par le profil.

--- Debut du training ---
Mode: lora + response masking, Rank: 8, Scale: 20.0, LR: 0.0001
Batch: 1, Iterations: 50
Couches: 16
Sortie: /Volumes/Lexar/tmp/k33-adapters/b31b-lora-8bit-fast
---

Note : 608 exemple(s) de plus de 2048 jetons (max 3327), non tronques (--max-seq-length pour borner la memoire)
Parametres trainables: 16336896 / 8650922300 (0.19%)
Train: 899 samples (avg response: 4 tokens)
Iteration 1: validation loss 0, validation time 612,364179s
Iteration 10: training loss 0,387536, iterations/sec 0,021315, Tokens/sec 0,085258
Iteration 20: training loss 4,181254, iterations/sec 0,017318, Tokens/sec 0,069273
Iteration 30: training loss 1,373124, iterations/sec 0,016878, Tokens/sec 0,067513
Iteration 40: training loss 1,370241, iterations/sec 0,020541, Tokens/sec 0,082164
Iteration 50: training loss 1,28628, iterations/sec 0,017001, Tokens/sec 0,068006
Iteration 50: validation loss 1,28803, validation time 624,240237s
Iteration 50: saved weights to /Volumes/Lexar/tmp/k33-adapters/b31b-lora-8bit-fast/adapters.safetensors
Adapter sauvegarde dans /Volumes/Lexar/tmp/k33-adapters/b31b-lora-8bit-fast

Training termine.
GPU pic: 57229 Mo
